[t.commonsupport.com/hotera/index-5.html]
[backblue.gif]
[fade.gif]
[index.html]
[t.commonsupport.com/hotera/css/bootstrap.css]
[t.commonsupport.com/hotera/css/style.css]
[t.commonsupport.com/hotera/css/responsive.css]
[t.commonsupport.com/hotera/images/favicon.png]
[t.commonsupport.com/hotera/index.html]
[t.commonsupport.com/hotera/images/logo-2.png]
[t.commonsupport.com/hotera/index-2.html]
[t.commonsupport.com/hotera/index-3.html]
[t.commonsupport.com/hotera/index-4.html]
[t.commonsupport.com/hotera/rooms-grid.html]
[t.commonsupport.com/hotera/rooms-list.html]
[t.commonsupport.com/hotera/rooms-gallery.html]
[t.commonsupport.com/hotera/room-single.html]
[t.commonsupport.com/hotera/about.html]
[t.commonsupport.com/hotera/team.html]
[t.commonsupport.com/hotera/packages.html]
[t.commonsupport.com/hotera/package-single.html]
[t.commonsupport.com/hotera/events.html]
[t.commonsupport.com/hotera/event-single.html]
[t.commonsupport.com/hotera/gallery.html]
[t.commonsupport.com/hotera/gallery-masonry.html]
[t.commonsupport.com/hotera/restaurant.html]
[t.commonsupport.com/hotera/spa.html]
[t.commonsupport.com/hotera/blog-grid.html]
[t.commonsupport.com/hotera/blog.html]
[t.commonsupport.com/hotera/blog-single.html]
[t.commonsupport.com/hotera/contact.html]
[t.commonsupport.com/hotera/images/nav-logo.png]
[t.commonsupport.com/hotera/images/main-slider/13.jpg]
[t.commonsupport.com/hotera/images/main-slider/14.jpg]
[t.commonsupport.com/hotera/images/main-slider/15.jpg]
[t.commonsupport.com/hotera/images/resource/featured-image-15.jpg]
[t.commonsupport.com/hotera/images/resource/featured-image-16.jpg]
[t.commonsupport.com/hotera/images/resource/featured-image-17.jpg]
[t.commonsupport.com/hotera/images/background/image-7.jpg]
[t.commonsupport.com/hotera/images/background/image-8.jpg]
[t.commonsupport.com/hotera/images/gallery/9.jpg]
[t.commonsupport.com/hotera/images/gallery/10.jpg]
[t.commonsupport.com/hotera/images/gallery/11.jpg]
[t.commonsupport.com/hotera/images/gallery/12.jpg]
[t.commonsupport.com/hotera/images/resource/testi-thumb-1.jpg]
[t.commonsupport.com/hotera/images/resource/testi-thumb-2.jpg]
[t.commonsupport.com/hotera/images/resource/testi-thumb-3.jpg]
[t.commonsupport.com/hotera/images/resource/news-image-4.jpg]
[t.commonsupport.com/hotera/images/resource/news-image-5.jpg]
[t.commonsupport.com/hotera/images/resource/news-image-6.jpg]
[t.commonsupport.com/hotera/images/footer-logo.png]
[t.commonsupport.com/hotera/js/popper.min.js]
[t.commonsupport.com/hotera/js/jquery.js]
[t.commonsupport.com/hotera/js/bootstrap.min.js]
[t.commonsupport.com/hotera/js/scrollbar.js]
[t.commonsupport.com/hotera/js/owl.js]
[t.commonsupport.com/hotera/js/appear.js]
[t.commonsupport.com/hotera/js/wow.js]
[t.commonsupport.com/hotera/js/jquery.fancybox.js]
[t.commonsupport.com/hotera/js/isotope.js]
[t.commonsupport.com/hotera/js/custom-script.js]
[t.commonsupport.com/hotera/index-5.html]
[t.commonsupport.com/hotera/css/bootstrap.css]
[t.commonsupport.com/hotera/js/map-script.js]
[t.commonsupport.com/hotera/css/fontawesome-all.css]
[t.commonsupport.com/hotera/css/owl.css]
[t.commonsupport.com/hotera/css/simple-line-icons.css]
[t.commonsupport.com/hotera/css/themify-icons.css]
[t.commonsupport.com/hotera/css/flaticon.css]
[t.commonsupport.com/hotera/css/animate.css]
[t.commonsupport.com/hotera/css/jquery-ui.css]
[t.commonsupport.com/hotera/css/jquery.fancybox.min.css]
[t.commonsupport.com/hotera/css/scrollbar.css]
[t.commonsupport.com/hotera/js/jquery-ui.js]
[t.commonsupport.com/hotera/css/hover.css]
[t.commonsupport.com/hotera/images/icons/preloader.svg]
[t.commonsupport.com/hotera/images/icons/image-bg.svg]
[t.commonsupport.com/hotera/images/main-slider/banner-bottom-1.png]
[t.commonsupport.com/hotera/images/main-slider/banner-bottom-2.png]
[t.commonsupport.com/hotera/images/icons/patterns/1.png]
[t.commonsupport.com/hotera/images/icons/patterns/2.png]
[t.commonsupport.com/hotera/images/icons/patterns/3.png]
[t.commonsupport.com/hotera/images/icons/patterns/4.png]
[t.commonsupport.com/hotera/images/icons/patterns/5.png]
[t.commonsupport.com/hotera/images/icons/patterns/6.png]
[t.commonsupport.com/hotera/images/icons/patterns/7.png]
[t.commonsupport.com/hotera/images/icons/patterns/8.png]
[t.commonsupport.com/hotera/images/icons/patterns/9.png]
[t.commonsupport.com/hotera/images/icons/patterns/10.png]
[t.commonsupport.com/hotera/images/icons/patterns/11.png]
[t.commonsupport.com/hotera/images/icons/patterns/14.png]
[t.commonsupport.com/hotera/images/icons/patterns/15.png]
[t.commonsupport.com/hotera/images/icons/patterns/16.png]
[t.commonsupport.com/hotera/images/icons/patterns/tri-1.png]
[t.commonsupport.com/hotera/images/icons/patterns/tri-2.png]
[t.commonsupport.com/hotera/images/icons/patterns/tri-3.png]
[t.commonsupport.com/hotera/images/icons/patterns/tri-4.png]
[t.commonsupport.com/hotera/images/icons/patterns/tri-5.png]
[t.commonsupport.com/hotera/images/icons/patterns/tri-6.png]
[t.commonsupport.com/hotera/images/icons/patterns/tri-7.png]
[t.commonsupport.com/hotera/images/icons/patterns/tri-8.png]
[t.commonsupport.com/hotera/images/icons/patterns/tri-9.png]
[t.commonsupport.com/hotera/images/icons/patterns/tri-10.png]
[t.commonsupport.com/hotera/images/background/pattern-top.png]
[t.commonsupport.com/hotera/images/background/pattern-bottom.png]
[t.commonsupport.com/hotera/images/icons/patterns/13.png]
[t.commonsupport.com/hotera/css/style.css]
[t.commonsupport.com/hotera/css/responsive.css]
[t.commonsupport.com/hotera/images/logo.png]
[t.commonsupport.com/hotera/images/main-slider/1.jpg]
[t.commonsupport.com/hotera/images/main-slider/2.jpg]
[t.commonsupport.com/hotera/images/main-slider/3.jpg]
[t.commonsupport.com/hotera/images/resource/featured-image-0.jpg]
[t.commonsupport.com/hotera/images/resource/chair-umbrella.png]
[t.commonsupport.com/hotera/images/gallery/1.jpg]
[t.commonsupport.com/hotera/images/gallery/2.jpg]
[t.commonsupport.com/hotera/images/gallery/3.jpg]
[t.commonsupport.com/hotera/images/gallery/4.jpg]
[t.commonsupport.com/hotera/images/gallery/5.jpg]
[t.commonsupport.com/hotera/images/resource/of-thumb-1.jpg]
[t.commonsupport.com/hotera/images/resource/featured-image-1.jpg]
[t.commonsupport.com/hotera/images/resource/featured-image-2.jpg]
[t.commonsupport.com/hotera/images/resource/featured-image-3.jpg]
[t.commonsupport.com/hotera/images/resource/featured-image-4.jpg]
[t.commonsupport.com/hotera/images/resource/featured-image-5.jpg]
[t.commonsupport.com/hotera/images/background/image-1.jpg]
[t.commonsupport.com/hotera/images/resource/news-image-1.jpg]
[t.commonsupport.com/hotera/images/resource/news-image-2.jpg]
[t.commonsupport.com/hotera/images/resource/news-image-3.jpg]
[t.commonsupport.com/hotera/index.html]
[t.commonsupport.com/hotera/images/main-slider/4.jpg]
[t.commonsupport.com/hotera/images/main-slider/5.jpg]
[t.commonsupport.com/hotera/images/main-slider/6.jpg]
[t.commonsupport.com/hotera/images/resource/signature-1.png]
[t.commonsupport.com/hotera/images/resource/featured-image-6.jpg]
[t.commonsupport.com/hotera/images/resource/featured-image-8.jpg]
[t.commonsupport.com/hotera/images/resource/featured-image-9.jpg]
[t.commonsupport.com/hotera/images/resource/featured-image-10.jpg]
[t.commonsupport.com/hotera/images/background/image-2.jpg]
[t.commonsupport.com/hotera/images/background/image-3.jpg]
[t.commonsupport.com/hotera/images/background/image-4.jpg]
[t.commonsupport.com/hotera/images/resource/testi-thumb-4.jpg]
[t.commonsupport.com/hotera/index-2.html]
[t.commonsupport.com/hotera/images/main-slider/7.jpg]
[t.commonsupport.com/hotera/images/main-slider/8.jpg]
[t.commonsupport.com/hotera/images/main-slider/9.jpg]
[t.commonsupport.com/hotera/images/resource/featured-image-11.jpg]
[t.commonsupport.com/hotera/images/gallery/6.jpg]
[t.commonsupport.com/hotera/images/gallery/7.jpg]
[t.commonsupport.com/hotera/images/gallery/8.jpg]
[t.commonsupport.com/hotera/images/background/image-5.jpg]
[t.commonsupport.com/hotera/index-3.html]
[t.commonsupport.com/hotera/images/main-slider/10.jpg]
[t.commonsupport.com/hotera/images/main-slider/11.jpg]
[t.commonsupport.com/hotera/images/main-slider/12.jpg]
[t.commonsupport.com/hotera/images/resource/featured-image-12.jpg]
[t.commonsupport.com/hotera/images/resource/featured-image-13.jpg]
[t.commonsupport.com/hotera/images/resource/featured-image-14.jpg]
[t.commonsupport.com/hotera/images/background/image-6.jpg]
[t.commonsupport.com/hotera/index-4.html]
[t.commonsupport.com/hotera/images/background/banner-image-2.jpg]
[t.commonsupport.com/hotera/images/resource/featured-image-21.jpg]
[t.commonsupport.com/hotera/images/resource/featured-image-22.jpg]
[t.commonsupport.com/hotera/images/resource/featured-image-23.jpg]
[t.commonsupport.com/hotera/images/resource/featured-image-24.jpg]
[t.commonsupport.com/hotera/images/resource/featured-image-25.jpg]
[t.commonsupport.com/hotera/images/resource/featured-image-26.jpg]
[t.commonsupport.com/hotera/images/resource/featured-image-27.jpg]
[t.commonsupport.com/hotera/images/resource/featured-image-28.jpg]
[t.commonsupport.com/hotera/images/resource/featured-image-29.jpg]
[t.commonsupport.com/hotera/rooms-grid.html]
[t.commonsupport.com/hotera/images/resource/featured-image-30.jpg]
[t.commonsupport.com/hotera/images/resource/featured-image-31.jpg]
[t.commonsupport.com/hotera/images/resource/featured-image-32.jpg]
[t.commonsupport.com/hotera/images/resource/featured-image-34.jpg]
[t.commonsupport.com/hotera/rooms-list.html]
[t.commonsupport.com/hotera/rooms-gallery.html]
[t.commonsupport.com/hotera/images/resource/featured-image-54.jpg]
[t.commonsupport.com/hotera/images/resource/featured-image-55.jpg]
[t.commonsupport.com/hotera/room-single.html]
[t.commonsupport.com/hotera/js/mixitup.js]
[t.commonsupport.com/hotera/images/background/banner-image-1.jpg]
[t.commonsupport.com/hotera/images/resource/featured-image-18.jpg]
[t.commonsupport.com/hotera/images/resource/featured-image-20.jpg]
[t.commonsupport.com/hotera/about.html]
[t.commonsupport.com/hotera/images/background/banner-image-5.jpg]
[t.commonsupport.com/hotera/images/resource/team-1.jpg]
[t.commonsupport.com/hotera/images/resource/team-2.jpg]
[t.commonsupport.com/hotera/images/resource/team-4.jpg]
[t.commonsupport.com/hotera/images/resource/team-5.jpg]
[t.commonsupport.com/hotera/images/resource/team-6.jpg]
[t.commonsupport.com/hotera/team.html]
[t.commonsupport.com/hotera/images/resource/featured-image-35.jpg]
[t.commonsupport.com/hotera/images/resource/featured-image-36.jpg]
[t.commonsupport.com/hotera/images/resource/featured-image-37.jpg]
[t.commonsupport.com/hotera/images/resource/featured-image-38.jpg]
[t.commonsupport.com/hotera/images/resource/featured-image-39.jpg]
[t.commonsupport.com/hotera/packages.html]
[t.commonsupport.com/hotera/images/resource/featured-image-48.jpg]
[t.commonsupport.com/hotera/images/resource/featured-image-50.jpg]
[t.commonsupport.com/hotera/package-single.html]
[t.commonsupport.com/hotera/images/resource/featured-image-41.jpg]
[t.commonsupport.com/hotera/images/resource/featured-image-42.jpg]
[t.commonsupport.com/hotera/images/resource/featured-image-43.jpg]
[t.commonsupport.com/hotera/images/resource/featured-image-44.jpg]
[t.commonsupport.com/hotera/images/resource/featured-image-45.jpg]
[t.commonsupport.com/hotera/events.html]
[t.commonsupport.com/hotera/event-single.html]
[t.commonsupport.com/hotera/images/gallery/13.jpg]
[t.commonsupport.com/hotera/images/gallery/14.jpg]
[t.commonsupport.com/hotera/images/gallery/15.jpg]
[t.commonsupport.com/hotera/images/gallery/16.jpg]
[t.commonsupport.com/hotera/images/gallery/17.jpg]
[t.commonsupport.com/hotera/images/gallery/18.jpg]
[t.commonsupport.com/hotera/gallery.html]
[t.commonsupport.com/hotera/images/gallery/19.jpg]
[t.commonsupport.com/hotera/images/gallery/20.jpg]
[t.commonsupport.com/hotera/images/gallery/21.jpg]
[t.commonsupport.com/hotera/images/gallery/23.jpg]
[t.commonsupport.com/hotera/gallery-masonry.html]
[t.commonsupport.com/hotera/images/resource/featured-image-51.jpg]
[t.commonsupport.com/hotera/images/resource/featured-image-53.jpg]
[t.commonsupport.com/hotera/restaurant.html]
[t.commonsupport.com/hotera/images/background/banner-image-7.jpg]
[t.commonsupport.com/hotera/images/resource/featured-image-46.jpg]
[t.commonsupport.com/hotera/images/resource/featured-image-47.jpg]
[t.commonsupport.com/hotera/spa.html]
[t.commonsupport.com/hotera/images/background/banner-image-6.jpg]
[t.commonsupport.com/hotera/images/resource/news-image-7.jpg]
[t.commonsupport.com/hotera/images/resource/news-image-8.jpg]
[t.commonsupport.com/hotera/images/resource/news-image-9.jpg]
[t.commonsupport.com/hotera/images/resource/news-image-10.jpg]
[t.commonsupport.com/hotera/images/resource/news-image-11.jpg]
[t.commonsupport.com/hotera/images/resource/news-image-12.jpg]
[t.commonsupport.com/hotera/images/resource/news-image-14.jpg]
[t.commonsupport.com/hotera/images/resource/news-image-15.jpg]
[t.commonsupport.com/hotera/blog-grid.html]
[t.commonsupport.com/hotera/images/resource/news-image-16.jpg]
[t.commonsupport.com/hotera/images/resource/news-image-18.jpg]
[t.commonsupport.com/hotera/images/resource/news-image-19.jpg]
[t.commonsupport.com/hotera/images/resource/post-thumb-1.jpg]
[t.commonsupport.com/hotera/images/resource/post-thumb-2.jpg]
[t.commonsupport.com/hotera/images/resource/post-thumb-3.jpg]
[t.commonsupport.com/hotera/images/resource/g-thumb-1.jpg]
[t.commonsupport.com/hotera/images/resource/g-thumb-2.jpg]
[t.commonsupport.com/hotera/images/resource/g-thumb-3.jpg]
[t.commonsupport.com/hotera/images/resource/g-thumb-4.jpg]
[t.commonsupport.com/hotera/images/resource/g-thumb-5.jpg]
[t.commonsupport.com/hotera/images/resource/g-thumb-6.jpg]
[t.commonsupport.com/hotera/blog.html]
[t.commonsupport.com/hotera/images/resource/thumb-1.jpg]
[t.commonsupport.com/hotera/images/resource/thumb-2.jpg]
[t.commonsupport.com/hotera/images/resource/thumb-3.jpg]
[t.commonsupport.com/hotera/blog-single.html]
[t.commonsupport.com/hotera/images/background/banner-image-4.jpg]
[t.commonsupport.com/hotera/contact.html]
[t.commonsupport.com/hotera/js/validate.js]
[t.commonsupport.com/hotera/fonts/fa-brands-400.woff2]
[t.commonsupport.com/hotera/fonts/fa-brands-400.eot]
[t.commonsupport.com/hotera/fonts/fa-regular-400.eot]
[t.commonsupport.com/hotera/fonts/fa-regular-400d41d.eot]
[t.commonsupport.com/hotera/fonts/fa-brands-400d41d.eot]
[t.commonsupport.com/hotera/fonts/fa-regular-400.woff2]
[t.commonsupport.com/hotera/fonts/fa-regular-400.svg]
[t.commonsupport.com/hotera/fonts/fa-regular-400.ttf]
[t.commonsupport.com/hotera/fonts/fa-solid-900.woff2]
[t.commonsupport.com/hotera/fonts/fa-brands-400.ttf]
[t.commonsupport.com/hotera/fonts/fa-solid-900.woff]
[t.commonsupport.com/hotera/fonts/fa-solid-900.eot]
[t.commonsupport.com/hotera/css/fontawesome-all.css]
[t.commonsupport.com/hotera/fonts/fa-solid-900.svg]
[t.commonsupport.com/hotera/css/owl.css]
[t.commonsupport.com/hotera/fonts/Simple-Line-Iconsb26c.woff2]
[t.commonsupport.com/hotera/fonts/Simple-Line-Iconsb26c.eot]
[t.commonsupport.com/hotera/fonts/Simple-Line-Iconsb26c.woff]
[t.commonsupport.com/hotera/fonts/Simple-Line-Iconsb26c.svg]
[t.commonsupport.com/hotera/css/simple-line-icons.css]
[t.commonsupport.com/hotera/fonts/Simple-Line-Iconsb26c.ttf]
[t.commonsupport.com/hotera/fonts/themify9f24.woff]
[t.commonsupport.com/hotera/fonts/themify9f24.eot]
[t.commonsupport.com/hotera/fonts/themifyd41d.eot]
[t.commonsupport.com/hotera/fonts/themify9f24.svg]
[t.commonsupport.com/hotera/css/themify-icons.css]
[t.commonsupport.com/hotera/fonts/themify9f24.ttf]
[t.commonsupport.com/hotera/fonts/Flaticon.woff2]
[t.commonsupport.com/hotera/fonts/Flaticon.svg]
[t.commonsupport.com/hotera/fonts/Flaticon.eot]
[t.commonsupport.com/hotera/css/flaticon.css]
[t.commonsupport.com/hotera/css/animate.css]
[t.commonsupport.com/hotera/fonts/Flaticon.ttf]
[t.commonsupport.com/hotera/css/images/ui-icons_444444_256x240.png]
[t.commonsupport.com/hotera/css/images/ui-icons_555555_256x240.png]
[t.commonsupport.com/hotera/css/jquery-ui.css]
[t.commonsupport.com/hotera/css/jquery.fancybox.min.css]
[t.commonsupport.com/hotera/css/scrollbar.css]
[t.commonsupport.com/hotera/css/hover.css]
[t.commonsupport.com/hotera/images/icons/preloader.svg]
[t.commonsupport.com/hotera/images/icons/image-bg.svg]
[t.commonsupport.com/hotera/css/custom-animate.css]
[t.commonsupport.com/hotera/images/icons/map-marker.png]
[t.commonsupport.com/hotera/images/resource/featured-image-19.jpg]
[t.commonsupport.com/hotera/images/background/banner-image-9.jpg]
[t.commonsupport.com/hotera/images/resource/team-3.jpg]
[t.commonsupport.com/hotera/images/resource/featured-image-40.jpg]
[t.commonsupport.com/hotera/images/resource/featured-image-49.jpg]
[t.commonsupport.com/hotera/www.example.html]
[t.commonsupport.com/hotera/images/gallery/22.jpg]
[t.commonsupport.com/hotera/images/background/banner-image-8.jpg]
[t.commonsupport.com/hotera/images/resource/featured-image-52.jpg]
[t.commonsupport.com/hotera/images/resource/news-image-13.jpg]
[t.commonsupport.com/hotera/images/resource/news-image-17.jpg]
[t.commonsupport.com/hotera/fonts/fa-brands-400.woff]
[t.commonsupport.com/hotera/fonts/fa-brands-400.svg]
[t.commonsupport.com/hotera/fonts/fa-regular-400.svg]
[t.commonsupport.com/hotera/fonts/fa-regular-400.woff]
[t.commonsupport.com/hotera/fonts/fa-solid-900.svg]
[t.commonsupport.com/hotera/css/owl.video.play.html]
[t.commonsupport.com/hotera/fonts/Simple-Line-Iconsb26c.svg]
[t.commonsupport.com/hotera/fonts/themify9f24.svg]
[t.commonsupport.com/hotera/fonts/Flaticon.svg]
[t.commonsupport.com/hotera/css/images/ui-icons_777620_256x240.html]
[t.commonsupport.com/hotera/css/images/ui-icons_cc0000_256x240.html]
[t.commonsupport.com/hotera/css/mCSB_buttons.html]
[t.commonsupport.com/hotera/css/custom-animate.css]
[t.commonsupport.com/hotera/fonts/Flaticon.woff]
[t.commonsupport.com/hotera/images/resource/featured-image-7.jpg]
[t.commonsupport.com/hotera/fonts/fa-solid-900d41d.eot]
[t.commonsupport.com/hotera/images/background/banner-image-3.jpg]
[t.commonsupport.com/hotera/images/resource/news-image-20.jpg]
[t.commonsupport.com/hotera/fonts/fa-solid-900.ttf]
[t.commonsupport.com/hotera/fonts/fa-brands-400.svg]
[t.commonsupport.com/hotera/images/resource/featured-image-33.jpg]
